// Jest Snapshot v1, https://goo.gl/fbAQLP

exports[`Tag renders correctly 1`] = `
<Tag>
  <div
    className="tag-container"
  >
    Testing Tag
  </div>
</Tag>
`;
