// Jest Snapshot v1, https://goo.gl/fbAQLP

exports[`PhoneInput renders correctly 1`] = `
<PhoneInput
  onChange={[Function]}
  size="large"
>
  <t
    alwaysDefaultMask={false}
    areaCodes={null}
    autoFormat={true}
    autocompleteSearch={false}
    buttonClass=""
    buttonStyle={Object {}}
    className=""
    containerClass="react-tel-input"
    containerStyle={Object {}}
    copyNumbersOnly={true}
    country=""
    countryCodeEditable={true}
    defaultErrorMessage=""
    defaultMask="(...) ...-...."
    disableCountryCode={false}
    disableCountryGuess={false}
    disableDropdown={false}
    disableInitialCountryGuess={false}
    disableSearchIcon={false}
    disabled={false}
    dropdownClass=""
    dropdownStyle={Object {}}
    enableAreaCodeStretch={false}
    enableAreaCodes={false}
    enableClickOutside={true}
    enableLongNumbers={false}
    enableSearch={false}
    enableTerritories={false}
    excludeCountries={Array []}
    flagsImagePath="./flags.png"
    inputClass="input input--large input-with-prepend"
    inputProps={Object {}}
    inputStyle={Object {}}
    isValid={true}
    jumpCursorToEnd={true}
    key="undefined-(...) ...-....-undefined"
    keys={
      Object {
        "A": 65,
        "DOWN": 40,
        "ENTER": 13,
        "ESC": 27,
        "LEFT": 37,
        "PLUS": 43,
        "RIGHT": 39,
        "SPACE": 32,
        "TAB": 9,
        "UP": 38,
        "Z": 90,
      }
    }
    localization={Object {}}
    masks={null}
    onChange={[Function]}
    onEnterKeyPress={null}
    onlyCountries={Array []}
    placeholder="1 (702) 123-4567"
    preferredCountries={Array []}
    prefix="+"
    preserveOrder={Array []}
    priority={null}
    regions=""
    renderStringAsFlag=""
    searchClass=""
    searchNotFound="No entries to show"
    searchPlaceholder="search"
    searchStyle={Object {}}
    showDropdown={false}
    specialLabel="Phone"
    value=""
  >
    <div
      className="react-tel-input "
      onKeyDown={[Function]}
      style={Object {}}
    >
      <div
        className="special-label"
      >
        Phone
      </div>
      <input
        className="form-control input input--large input-with-prepend"
        disabled={false}
        onBlur={[Function]}
        onChange={[Function]}
        onClick={[Function]}
        onCopy={[Function]}
        onDoubleClick={[Function]}
        onFocus={[Function]}
        onKeyDown={[Function]}
        placeholder="1 (702) 123-4567"
        style={Object {}}
        type="tel"
        value=""
      />
      <div
        className="flag-dropdown "
        style={Object {}}
      >
        <div
          aria-haspopup="listbox"
          className="selected-flag"
          onClick={[Function]}
          role="button"
          tabIndex="0"
          title=""
        >
          <div
            className="flag 0"
          >
            <div
              className="arrow"
            />
          </div>
        </div>
      </div>
    </div>
  </t>
</PhoneInput>
`;
